Testing Depth Strategy...
This rule should fire 1st
This rule should fire 2nd
This rule should fire 3rd
This rule should fire 4th
This rule should fire 5th
This rule should fire 6th
This rule should fire 7th
This rule should fire 8th
This rule should fire 9th
This rule should fire 10th
This rule should fire 11th
This rule should fire 12th
This rule should fire 13th
This rule should fire 14th
This rule should fire 15th
Testing Breadth Strategy...
This rule should fire 1st
This rule should fire 2nd
This rule should fire 3rd
This rule should fire 4th
This rule should fire 5th
This rule should fire 6th
This rule should fire 7th
This rule should fire 8th
This rule should fire 9th
This rule should fire 10th
This rule should fire 11th
This rule should fire 12th
This rule should fire 13th
This rule should fire 14th
This rule should fire 15th
Testing Simplicity Strategy...
This rule should fire 1st
This rule should fire 2nd
This rule should fire 3rd
This rule should fire 4th
This rule should fire 5th
This rule should fire 6th
This rule should fire 7th
This rule should fire 8th
This rule should fire 9th
This rule should fire 10th
This rule should fire 11th
This rule should fire 12th
This rule should fire 13th
This rule should fire 14th
This rule should fire 15th
Testing Complexity Strategy...
This rule should fire 1st
This rule should fire 2nd
This rule should fire 3rd
This rule should fire 4th
This rule should fire 5th
This rule should fire 6th
This rule should fire 7th
This rule should fire 8th
This rule should fire 9th
This rule should fire 10th
This rule should fire 11th
This rule should fire 12th
This rule should fire 13th
This rule should fire 14th
This rule should fire 15th
Testing LEX Strategy...
This rule should fire 1st
This rule should fire 2nd
This rule should fire 3rd
This rule should fire 4th
This rule should fire 5th
This rule should fire 6th
This rule should fire 7th
This rule should fire 8th
This rule should fire 9th
This rule should fire 10th
This rule should fire 11th
This rule should fire 12th
This rule should fire 13th
This rule should fire 14th
This rule should fire 15th
Testing MEA Strategy...
This rule should fire 1st
This rule should fire 2nd
This rule should fire 3rd
This rule should fire 4th
This rule should fire 5th
This rule should fire 6th
This rule should fire 7th
This rule should fire 8th
This rule should fire 9th
This rule should fire 10th
This rule should fire 11th
This rule should fire 12th
This rule should fire 13th
This rule should fire 14th
This rule should fire 15th
