Testing When Defined Salience Evaluation...
This rule should fire 1st
This rule should fire 2nd
This rule should fire 3rd
This rule should fire 4th
This rule should fire 5th
This rule should fire 6th
This rule should fire 7th
Testing When Activated Salience Evaluation...
This rule should fire 1st
This rule should fire 2nd
This rule should fire 3rd
This rule should fire 4th
This rule should fire 5th
This rule should fire 6th
This rule should fire 7th
Testing Every Cycle Salience Evaluation...
This rule should fire 1st
This rule should fire 2nd
This rule should fire 3rd
This rule should fire 4th
This rule should fire 5th
This rule should fire 6th
This rule should fire 7th
