TRUE
CLIPS> (testit)
EXECUTION TEST #1 OK.
EXECUTION TEST #2 OK.
EXECUTION TEST #3 OK.
EXECUTION TEST #4 OK.
EXECUTION TEST #5 OK.
EXECUTION TEST #6 OK.
EXECUTION TEST #7 OK.
EXECUTION TEST #8 OK.
EXECUTION TEST #9 OK.
EXECUTION TEST #10 OK.
EXECUTION TEST #11 OK.
EXECUTION TEST #12 OK.
EXECUTION TEST #13 OK.
EXECUTION TEST #14 OK.
EXECUTION TEST #15 OK.
EXECUTION TEST #16 OK.
EXECUTION TEST #17 OK.
EXECUTION TEST #18 OK.
EXECUTION TEST #19 OK.
EXECUTION TEST #20 OK.
EXECUTION TEST #21 OK.
EXECUTION TEST #22 OK.
EXECUTION TEST #23 OK.
EXECUTION TEST #24 OK.
EXECUTION TEST #25 OK.
EXECUTION TEST #26 OK.
No errors detected.
CLIPS> (dribble-off)
