Test 1 - 5 Rules should fire...
This rule should fire 1st
This rule should fire 2nd
This rule should fire 3rd
This rule should fire 4th
This rule should fire 5th
Test 2 - 5 Rules should fire...
This rule should fire 1st
This rule should fire 2nd
This rule should fire 3rd
This rule should fire 4th
This rule should fire 5th
Test 3 - 16 Rules should fire...
This rule should fire 1st
This rule should fire 2nd
This rule should fire 3rd
This rule should fire 4th
This rule should fire 5th
This rule should fire 6th
This rule should fire 7th
This rule should fire 8th
This rule should fire 9th
This rule should fire 10th
This rule should fire 11th
This rule should fire 12th
This rule should fire 13th
This rule should fire 14th
This rule should fire 15th
This rule should fire 16th
Test 4 - 16 Rules should fire...
This rule should fire 1st
This rule should fire 2nd
This rule should fire 3rd
This rule should fire 4th
This rule should fire 5th
This rule should fire 6th
This rule should fire 7th
This rule should fire 8th
This rule should fire 9th
This rule should fire 10th
This rule should fire 11th
This rule should fire 12th
This rule should fire 13th
This rule should fire 14th
This rule should fire 15th
This rule should fire 16th
Test 5 - 23 Rules should fire...
This rule should fire 1st
This rule should fire 2nd
This rule should fire 3rd
This rule should fire 4th
This rule should fire 5th
This rule should fire 6th
This rule should fire 7th
This rule should fire 8th
This rule should fire 9th
This rule should fire 10th
This rule should fire 11th
This rule should fire 12th
This rule should fire 13th
This rule should fire 14th
This rule should fire 15th
This rule should fire 16th
This rule should fire 17th
This rule should fire 18th
This rule should fire 19th
This rule should fire 20th
This rule should fire 21st
This rule should fire 22nd
This rule should fire 23rd
Test 6 - 23 Rules should fire...
This rule should fire 1st
This rule should fire 2nd
This rule should fire 3rd
This rule should fire 4th
This rule should fire 5th
This rule should fire 6th
This rule should fire 7th
This rule should fire 8th
This rule should fire 9th
This rule should fire 10th
This rule should fire 11th
This rule should fire 12th
This rule should fire 13th
This rule should fire 14th
This rule should fire 15th
This rule should fire 16th
This rule should fire 17th
This rule should fire 18th
This rule should fire 19th
This rule should fire 20th
This rule should fire 21st
This rule should fire 22nd
This rule should fire 23rd
Test 7 - 0 Rules should fire...
