([gen1] of B)

([gen2] of B)

([gen3] of B)

([gen4] of B)

([gen5] of B)

([gen6] of B)

([gen7] of B)

([gen8] of B)

([gen9] of B)

([gen10] of B)

([gen11] of B)

([gen12] of B)

([gen13] of B)

([gen14] of B)

([gen15] of B)

([gen16] of B)

([gen17] of B)

([gen18] of B)

([gen19] of B)

([gen20] of B)

([gen21] of B)

([gen22] of B)

([gen23] of B)

([gen24] of B)

([gen25] of B)

([gen26] of B)

([gen27] of B)

([gen28] of B)

([gen29] of B)

([gen30] of B)

([gen31] of B)

([gen32] of B)

([gen33] of B)

([gen34] of B)

([gen35] of B)

([gen36] of B)

([gen37] of B)

([gen38] of B)

([gen39] of B)

([gen40] of B)

([gen41] of B)

([gen42] of B)

([gen43] of B)

([gen44] of B)

([gen45] of B)

([gen46] of B)

([gen47] of B)

([gen48] of B)

([gen49] of B)

([gen50] of B)

([gen51] of B)

([gen52] of B)

([gen53] of B)

([gen54] of B)

([gen55] of B)

([gen56] of B)

([gen57] of B)

([gen58] of B)

([gen59] of B)

([gen60] of B)

([gen61] of B)

([gen62] of B)

([gen63] of B)

([gen64] of B)

([gen65] of B)

([gen66] of B)

([gen67] of B)

([gen68] of B)

([gen69] of B)

([gen70] of B)

([gen71] of B)

([gen72] of B)

([gen73] of B)

([gen74] of B)

([gen75] of B)

([gen76] of B)

([gen77] of B)

([gen78] of B)

([gen79] of B)

([gen80] of B)

([gen81] of B)

([gen82] of B)

([gen83] of B)

([gen84] of B)

([gen85] of B)

([gen86] of B)

([gen87] of B)

([gen88] of B)

([gen89] of B)

([gen90] of B)

([gen91] of B)

([gen92] of B)

([gen93] of B)

([gen94] of B)

([gen95] of B)

([gen96] of B)

([gen97] of B)

([gen98] of B)

([gen99] of B)

([gen100] of B)

([gen201] of E)

([gen202] of E)

([gen203] of E)

([gen204] of E)

([gen205] of E)

([gen206] of E)

([gen207] of E)

([gen208] of E)

([gen209] of E)

([gen210] of E)

([gen211] of E)

([gen212] of E)

([gen213] of E)

([gen214] of E)

([gen215] of E)

([gen216] of E)

([gen217] of E)

([gen218] of E)

([gen219] of E)

([gen220] of E)

([gen221] of E)

([gen222] of E)

([gen223] of E)

([gen224] of E)

([gen225] of E)

([gen226] of E)

([gen227] of E)

([gen228] of E)

([gen229] of E)

([gen230] of E)

([gen231] of E)

([gen232] of E)

([gen233] of E)

([gen234] of E)

([gen235] of E)

([gen236] of E)

([gen237] of E)

([gen238] of E)

([gen239] of E)

([gen240] of E)

([gen241] of E)

([gen242] of E)

([gen243] of E)

([gen244] of E)

([gen245] of E)

([gen246] of E)

([gen247] of E)

([gen248] of E)

([gen249] of E)

([gen250] of E)

([gen251] of E)

([gen252] of E)

([gen253] of E)

([gen254] of E)

([gen255] of E)

([gen256] of E)

([gen257] of E)

([gen258] of E)

([gen259] of E)

([gen260] of E)

([gen261] of E)

([gen262] of E)

([gen263] of E)

([gen264] of E)

([gen265] of E)

([gen266] of E)

([gen267] of E)

([gen268] of E)

([gen269] of E)

([gen270] of E)

([gen271] of E)

([gen272] of E)

([gen273] of E)

([gen274] of E)

([gen275] of E)

([gen276] of E)

([gen277] of E)

([gen278] of E)

([gen279] of E)

([gen280] of E)

([gen281] of E)

([gen282] of E)

([gen283] of E)

([gen284] of E)

([gen285] of E)

([gen286] of E)

([gen287] of E)

([gen288] of E)

([gen289] of E)

([gen290] of E)

([gen291] of E)

([gen292] of E)

([gen293] of E)

([gen294] of E)

([gen295] of E)

([gen296] of E)

([gen297] of E)

([gen298] of E)

([gen299] of E)

([gen300] of E)

([gen301] of F)

([gen302] of F)

([gen303] of F)

([gen304] of F)

([gen305] of F)

([gen306] of F)

([gen307] of F)

([gen308] of F)

([gen309] of F)

([gen310] of F)

([gen311] of F)

([gen312] of F)

([gen313] of F)

([gen314] of F)

([gen315] of F)

([gen316] of F)

([gen317] of F)

([gen318] of F)

([gen319] of F)

([gen320] of F)

([gen321] of F)

([gen322] of F)

([gen323] of F)

([gen324] of F)

([gen325] of F)

([gen326] of F)

([gen327] of F)

([gen328] of F)

([gen329] of F)

([gen330] of F)

([gen331] of F)

([gen332] of F)

([gen333] of F)

([gen334] of F)

([gen335] of F)

([gen336] of F)

([gen337] of F)

([gen338] of F)

([gen339] of F)

([gen340] of F)

([gen341] of F)

([gen342] of F)

([gen343] of F)

([gen344] of F)

([gen345] of F)

([gen346] of F)

([gen347] of F)

([gen348] of F)

([gen349] of F)

([gen350] of F)

([gen351] of F)

([gen352] of F)

([gen353] of F)

([gen354] of F)

([gen355] of F)

([gen356] of F)

([gen357] of F)

([gen358] of F)

([gen359] of F)

([gen360] of F)

([gen361] of F)

([gen362] of F)

([gen363] of F)

([gen364] of F)

([gen365] of F)

([gen366] of F)

([gen367] of F)

([gen368] of F)

([gen369] of F)

([gen370] of F)

([gen371] of F)

([gen372] of F)

([gen373] of F)

([gen374] of F)

([gen375] of F)

([gen376] of F)

([gen377] of F)

([gen378] of F)

([gen379] of F)

([gen380] of F)

([gen381] of F)

([gen382] of F)

([gen383] of F)

([gen384] of F)

([gen385] of F)

([gen386] of F)

([gen387] of F)

([gen388] of F)

([gen389] of F)

([gen390] of F)

([gen391] of F)

([gen392] of F)

([gen393] of F)

([gen394] of F)

([gen395] of F)

([gen396] of F)

([gen397] of F)

([gen398] of F)

([gen399] of F)

([gen400] of F)

Should only contain instances of B E F
