([gen101] of D)

([gen102] of D)

([gen103] of D)

([gen104] of D)

([gen105] of D)

([gen106] of D)

([gen107] of D)

([gen108] of D)

([gen109] of D)

([gen110] of D)

([gen111] of D)

([gen112] of D)

([gen113] of D)

([gen114] of D)

([gen115] of D)

([gen116] of D)

([gen117] of D)

([gen118] of D)

([gen119] of D)

([gen120] of D)

([gen121] of D)

([gen122] of D)

([gen123] of D)

([gen124] of D)

([gen125] of D)

([gen126] of D)

([gen127] of D)

([gen128] of D)

([gen129] of D)

([gen130] of D)

([gen131] of D)

([gen132] of D)

([gen133] of D)

([gen134] of D)

([gen135] of D)

([gen136] of D)

([gen137] of D)

([gen138] of D)

([gen139] of D)

([gen140] of D)

([gen141] of D)

([gen142] of D)

([gen143] of D)

([gen144] of D)

([gen145] of D)

([gen146] of D)

([gen147] of D)

([gen148] of D)

([gen149] of D)

([gen150] of D)

([gen151] of D)

([gen152] of D)

([gen153] of D)

([gen154] of D)

([gen155] of D)

([gen156] of D)

([gen157] of D)

([gen158] of D)

([gen159] of D)

([gen160] of D)

([gen161] of D)

([gen162] of D)

([gen163] of D)

([gen164] of D)

([gen165] of D)

([gen166] of D)

([gen167] of D)

([gen168] of D)

([gen169] of D)

([gen170] of D)

([gen171] of D)

([gen172] of D)

([gen173] of D)

([gen174] of D)

([gen175] of D)

([gen176] of D)

([gen177] of D)

([gen178] of D)

([gen179] of D)

([gen180] of D)

([gen181] of D)

([gen182] of D)

([gen183] of D)

([gen184] of D)

([gen185] of D)

([gen186] of D)

([gen187] of D)

([gen188] of D)

([gen189] of D)

([gen190] of D)

([gen191] of D)

([gen192] of D)

([gen193] of D)

([gen194] of D)

([gen195] of D)

([gen196] of D)

([gen197] of D)

([gen198] of D)

([gen199] of D)

([gen200] of D)

([gen201] of E)

([gen202] of E)

([gen203] of E)

([gen204] of E)

([gen205] of E)

([gen206] of E)

([gen207] of E)

([gen208] of E)

([gen209] of E)

([gen210] of E)

([gen211] of E)

([gen212] of E)

([gen213] of E)

([gen214] of E)

([gen215] of E)

([gen216] of E)

([gen217] of E)

([gen218] of E)

([gen219] of E)

([gen220] of E)

([gen221] of E)

([gen222] of E)

([gen223] of E)

([gen224] of E)

([gen225] of E)

([gen226] of E)

([gen227] of E)

([gen228] of E)

([gen229] of E)

([gen230] of E)

([gen231] of E)

([gen232] of E)

([gen233] of E)

([gen234] of E)

([gen235] of E)

([gen236] of E)

([gen237] of E)

([gen238] of E)

([gen239] of E)

([gen240] of E)

([gen241] of E)

([gen242] of E)

([gen243] of E)

([gen244] of E)

([gen245] of E)

([gen246] of E)

([gen247] of E)

([gen248] of E)

([gen249] of E)

([gen250] of E)

([gen251] of E)

([gen252] of E)

([gen253] of E)

([gen254] of E)

([gen255] of E)

([gen256] of E)

([gen257] of E)

([gen258] of E)

([gen259] of E)

([gen260] of E)

([gen261] of E)

([gen262] of E)

([gen263] of E)

([gen264] of E)

([gen265] of E)

([gen266] of E)

([gen267] of E)

([gen268] of E)

([gen269] of E)

([gen270] of E)

([gen271] of E)

([gen272] of E)

([gen273] of E)

([gen274] of E)

([gen275] of E)

([gen276] of E)

([gen277] of E)

([gen278] of E)

([gen279] of E)

([gen280] of E)

([gen281] of E)

([gen282] of E)

([gen283] of E)

([gen284] of E)

([gen285] of E)

([gen286] of E)

([gen287] of E)

([gen288] of E)

([gen289] of E)

([gen290] of E)

([gen291] of E)

([gen292] of E)

([gen293] of E)

([gen294] of E)

([gen295] of E)

([gen296] of E)

([gen297] of E)

([gen298] of E)

([gen299] of E)

([gen300] of E)

Should only contain instances of D E
