TRUE
CLIPS> (clear)
CLIPS> (regex-match)
[ARGACCES4] Function regex-match expected exactly 2 argument(s)
CLIPS> (regex-match foo 1)
[ARGACCES5] Function regex-match expected argument #2 to be of type symbol, string, or instance name
CLIPS> (regex-match foo "1")
()
CLIPS> (regex-match foo bar)
()
CLIPS> (regex-match foo foobar)
("foo")
CLIPS> (regex-match foo "foobar")
("foo")
CLIPS> (regex-match "foo" foobar)
("foo")
CLIPS> (regex-match "foo" "foobar")
("foo")
CLIPS> (regex-match "" foobar)
("")
CLIPS> (regex-match foo FOOBAR)
()
CLIPS> (regex-match ☃ "Foo☃Bar")
("☃")
CLIPS> (regex-match "(www.)(.*)(.com|.net)" "http://www.clipsrules.net")
("www.clipsrules.net" "www." "clipsrules" ".net")
CLIPS> (regex-imatch)
[ARGACCES4] Function regex-imatch expected exactly 2 argument(s)
CLIPS> (regex-imatch foo 1)
[ARGACCES5] Function regex-imatch expected argument #2 to be of type symbol, string, or instance name
CLIPS> (regex-imatch foo "1")
()
CLIPS> (regex-imatch foo bar)
()
CLIPS> (regex-imatch foo foobar)
("foo")
CLIPS> (regex-imatch foo "foobar")
("foo")
CLIPS> (regex-imatch "foo" foobar)
("foo")
CLIPS> (regex-imatch "foo" "foobar")
("foo")
CLIPS> (regex-imatch "" foobar)
("")
CLIPS> (regex-imatch foo FOOBAR)
("FOO")
CLIPS> (regex-imatch ☃ "Foo☃Bar")
("☃")
CLIPS> (regex-imatch "(www.)(.*)(.com|.net)" "http://www.clipsrules.net")
("www.clipsrules.net" "www." "clipsrules" ".net")
